============================= test session starts ==============================
platform linux -- Python 3.7.0, pytest-3.8.0, py-1.6.0, pluggy-0.7.1
rootdir: /project_data/ramanan/zhiqiu/label_pizza, inifile:
plugins: remotedata-0.3.0, openfiles-0.3.0, doctestplus-0.1.3, arraydiff-0.2
collected 0 items / 1 errors

==================================== ERRORS ====================================
___________________ ERROR collecting tests/test_services.py ____________________
ImportError while importing test module '/project_data/ramanan/zhiqiu/label_pizza/tests/test_services.py'.
Hint: make sure your test modules/packages have valid Python names.
Traceback:
tests/test_services.py:6: in <module>
    from label_pizza.models import (
E   ModuleNotFoundError: No module named 'label_pizza'
=============================== warnings summary ===============================
/project_data/ramanan/zhiqiu/zifu/anaconda3/lib/python3.7/site-packages/sqlalchemy/engine/result.py:182: DeprecationWarning: Using or importing the ABCs from 'collections' instead of from 'collections.abc' is deprecated, and in 3.8 it will stop working
  from collections import Sequence

-- Docs: https://docs.pytest.org/en/latest/warnings.html
!!!!!!!!!!!!!!!!!!! Interrupted: 1 errors during collection !!!!!!!!!!!!!!!!!!!!
===================== 1 warnings, 1 error in 0.28 seconds ======================
